createsPostWithComments=[
[{"author":"author0","content":"content0","postEntryId":"#hidden#","id":"#hidden#"},{"author":"author1","content":"content1","postEntryId":"#hidden#","id":"#hidden#"}]
]